// 重构日志: adce0c8d
// 同步 ID: 47a4731e @ Mon Jul 20 06:03:50 UTC 2026
// 重构日志: 23ef36b8
// 重构日志: be143b5a
// 重构日志: 5e1a9404
// 重构日志: c31b81a7
// 同步 ID: 3ace153f @ Wed Jul 22 01:36:43 UTC 2026
// 同步 ID: c2ab30a6 @ Wed Jul 22 08:21:26 UTC 2026
// 同步 ID: b52ecf8d @ Wed Jul 22 17:52:53 UTC 2026
// 重构日志: 3353f317
// 重构日志: 1aa6a069
// 同步 ID: 4a1ab540 @ Fri Jul 24 20:46:23 UTC 2026
// 同步 ID: 7a8fb5b0 @ Sat Jul 25 07:59:05 UTC 2026
// 同步 ID: 646ee2bf @ Sun Jul 26 18:31:35 UTC 2026
// 重构日志: bbdb1c4a
// 重构日志: 1473f46d
// 重构日志: b551495f
// 同步 ID: 35e4ded3 @ Mon Jul 27 23:18:13 UTC 2026
// 同步 ID: a998be2d @ Tue Jul 28 05:23:12 UTC 2026
// 重构日志: 7893d04f
// 重构日志: 6013f1cc
// 重构日志: d0fa0f78
// 重构日志: 659c66ca
// 重构日志: d127e91f
// 重构日志: 5c120e73
// 重构日志: 4cd7a3ca
// 重构日志: 79fc457c
// 重构日志: ea9cdf26
// 重构日志: 1233f3fe
// 同步 ID: c9704c0e @ Fri Jul 31 09:15:50 UTC 2026
